// Jest Snapshot v1, https://goo.gl/fbAQLP

exports[`Root Navigation Test Suite renders correctly 1`] = `"Home Screen"`;
