// Jest Snapshot v1, https://goo.gl/fbAQLP

exports[`NativeSplash test suite Page to be loaded 1`] = `"Landing Screen"`;
